// Jest Snapshot v1, https://goo.gl/fbAQLP

exports[`<ErrorState /> should render and match the snapshot 1`] = `
.emotion-0.emotion-0 {
  margin: 20px 0;
  color: grey;
  color: grey;
}

.emotion-2.emotion-2 {
  font-size: 1rem;
  font-weight: normal;
}

<body>
  <div>
    <div
      class="ant-card ant-card-bordered emotion-0 emotion-1"
      color="grey"
      data-testid="error-state"
    >
      <div
        class="ant-card-head"
      >
        <div
          class="ant-card-head-wrapper"
        >
          <div
            class="ant-card-head-title"
          >
            Repository List
          </div>
        </div>
      </div>
      <div
        class="ant-card-body"
      >
        <p
          class="emotion-2 emotion-3"
          data-testid="t"
        >
          Search Default
        </p>
      </div>
    </div>
  </div>
</body>
`;
