// Jest Snapshot v1, https://goo.gl/fbAQLP

exports[`<Recommended /> should render and match the snapshot 1`] = `
.c0 {
  cursor: pointer;
}

.c0:hover {
  border: 1px solid #006ED6;
}

<body>
  <div>
    <div
      class="ant-row"
      data-testid="recommended"
    >
      <div
        class="ant-col"
      >
        <span
          class="ant-tag c0"
        >
          test repo name
        </span>
      </div>
    </div>
  </div>
</body>
`;
